Archive member included to satisfy reference by file (symbol)

/home/kekw/.toolchains/i686-elf/lib/gcc/i686-elf/13.2.0/libgcc.a(_udivdi3.o)
                              /home/kekw/kekos/build/stage2/c/stdio.obj (__udivdi3)
/home/kekw/.toolchains/i686-elf/lib/gcc/i686-elf/13.2.0/libgcc.a(_umoddi3.o)
                              /home/kekw/kekos/build/stage2/c/stdio.obj (__umoddi3)

There are no discarded input sections

Memory Configuration

Name             Origin             Length             Attributes
*default*        0x00000000         0xffffffff

Linker script and memory map

LOAD /home/kekw/kekos/build/stage2/asm/entry.obj
LOAD /home/kekw/kekos/build/stage2/asm/x86.obj
LOAD /home/kekw/kekos/build/stage2/c/ctype.obj
LOAD /home/kekw/kekos/build/stage2/c/disk.obj
LOAD /home/kekw/kekos/build/stage2/c/fat.obj
LOAD /home/kekw/kekos/build/stage2/c/main.obj
LOAD /home/kekw/kekos/build/stage2/c/memory.obj
LOAD /home/kekw/kekos/build/stage2/c/stdio.obj
LOAD /home/kekw/kekos/build/stage2/c/string.obj
LOAD /home/kekw/kekos/build/stage2/c/vbe.obj
LOAD /home/kekw/.toolchains/i686-elf/lib/gcc/i686-elf/13.2.0/libgcc.a
                0x00000500                        phys = 0x500
                0x00000500                        . = phys

.entry          0x00000500       0xc0
                0x00000500                        __entry_start = .
 *(.entry)
 .entry         0x00000500       0xc0 /home/kekw/kekos/build/stage2/asm/entry.obj
                0x00000500                entry
                0x0000058b                LoadGDT

.text           0x000005c0     0x1f36
                0x000005c0                        __text_start = .
 *(.text)
 .text          0x000005c0      0x317 /home/kekw/kekos/build/stage2/asm/x86.obj
                0x000005c0                x86_outb
                0x000005cb                x86_inb
                0x000005d4                x86_Disk_GetDriveParams
                0x0000069a                x86_Disk_Reset
                0x000006ed                x86_Disk_Read
                0x0000076e                x86_Video_GetVbeInfo
                0x000007e4                x86_Video_GetModeInfo
                0x00000861                x86_Video_SetMode
 .text          0x000008d7       0x55 /home/kekw/kekos/build/stage2/c/ctype.obj
                0x000008d7                islower
                0x00000900                toupper
 .text          0x0000092c      0x199 /home/kekw/kekos/build/stage2/c/disk.obj
                0x0000092c                DISK_Initialize
                0x0000099c                DISK_LBA2CHS
                0x00000a29                DISK_ReadSectors
 .text          0x00000ac5      0xa30 /home/kekw/kekos/build/stage2/c/fat.obj
                0x00000ac5                FAT_ReadBootSector
                0x00000ae2                FAT_ReadFat
                0x00000b16                FAT_Initialize
                0x00000d4a                FAT_ClusterToLba
                0x00000d6b                FAT_OpenEntry
                0x00000f33                FAT_NextCluster
                0x00000f80                FAT_Read
                0x000011d4                FAT_ReadEntry
                0x000011f5                FAT_Close
                0x00001243                FAT_FindFile
                0x000013a8                FAT_Open
 .text          0x000014f5      0x2d4 /home/kekw/kekos/build/stage2/c/main.obj
                0x000014f5                start
 .text          0x000017c9       0xf5 /home/kekw/kekos/build/stage2/c/memory.obj
                0x000017c9                memcpy
                0x0000181b                memset
                0x0000185e                memcmp
 .text          0x000018be      0x883 /home/kekw/kekos/build/stage2/c/stdio.obj
                0x000018be                putchr
                0x000018ed                putcolor
                0x0000191f                getchr
                0x00001941                getcolor
                0x00001966                setcursor
                0x000019d7                clrscr
                0x00001a65                scrollback
                0x00001b53                putc
                0x00001c63                puts
                0x00001c92                printf_unsigned
                0x00001d36                printf_signed
                0x00001d93                printf
                0x000020a8                print_buffer
 .text          0x00002141       0xb6 /home/kekw/kekos/build/stage2/c/string.obj
                0x00002141                strchr
                0x0000217f                strcpy
                0x000021d1                strlen
 .text          0x000021f7       0x9b /home/kekw/kekos/build/stage2/c/vbe.obj
                0x000021f7                VBE_GetControllerInfo
                0x0000223c                VBE_GetModeInfo
                0x0000226e                VBE_SetMode
 *fill*         0x00002292        0xe 
 .text          0x000022a0      0x11a /home/kekw/.toolchains/i686-elf/lib/gcc/i686-elf/13.2.0/libgcc.a(_udivdi3.o)
                0x000022a0                __udivdi3
 *fill*         0x000023ba        0x6 
 .text          0x000023c0      0x136 /home/kekw/.toolchains/i686-elf/lib/gcc/i686-elf/13.2.0/libgcc.a(_umoddi3.o)
                0x000023c0                __umoddi3

.data           0x000024f8        0xc
                0x000024f8                        __data_start = .
 *(.data)
 .data          0x000024f8        0x0 /home/kekw/kekos/build/stage2/c/ctype.obj
 .data          0x000024f8        0x0 /home/kekw/kekos/build/stage2/c/disk.obj
 .data          0x000024f8        0x0 /home/kekw/kekos/build/stage2/c/fat.obj
 .data          0x000024f8        0x8 /home/kekw/kekos/build/stage2/c/main.obj
                0x000024f8                KernelLoadBuffer
                0x000024fc                Kernel
 .data          0x00002500        0x0 /home/kekw/kekos/build/stage2/c/memory.obj
 .data          0x00002500        0x4 /home/kekw/kekos/build/stage2/c/stdio.obj
                0x00002500                g_ScreenBuffer
 .data          0x00002504        0x0 /home/kekw/kekos/build/stage2/c/string.obj
 .data          0x00002504        0x0 /home/kekw/kekos/build/stage2/c/vbe.obj
 .data          0x00002504        0x0 /home/kekw/.toolchains/i686-elf/lib/gcc/i686-elf/13.2.0/libgcc.a(_udivdi3.o)
 .data          0x00002504        0x0 /home/kekw/.toolchains/i686-elf/lib/gcc/i686-elf/13.2.0/libgcc.a(_umoddi3.o)

.rodata         0x00002504      0x236
                0x00002504                        __rodata_start = .
 *(.rodata)
 .rodata        0x00002504      0x11b /home/kekw/kekos/build/stage2/c/fat.obj
 .rodata        0x0000261f       0x60 /home/kekw/kekos/build/stage2/c/main.obj
 *fill*         0x0000267f        0x1 
 .rodata        0x00002680       0xba /home/kekw/kekos/build/stage2/c/stdio.obj
                0x00002680                SCREEN_WIDTH
                0x00002684                SCREEN_HEIGHT
                0x00002688                DEFAULT_COLOR
                0x0000268c                g_HexChars

.eh_frame       0x0000273c       0xd8
 .eh_frame      0x0000273c       0x64 /home/kekw/.toolchains/i686-elf/lib/gcc/i686-elf/13.2.0/libgcc.a(_udivdi3.o)
 .eh_frame      0x000027a0       0x74 /home/kekw/.toolchains/i686-elf/lib/gcc/i686-elf/13.2.0/libgcc.a(_umoddi3.o)

.bss            0x00002814       0x14
                0x00002814                        __bss_start = .
 *(.bss)
 .bss           0x00002814        0x0 /home/kekw/kekos/build/stage2/c/ctype.obj
 .bss           0x00002814        0x0 /home/kekw/kekos/build/stage2/c/disk.obj
 .bss           0x00002814        0xc /home/kekw/kekos/build/stage2/c/fat.obj
 .bss           0x00002820        0x0 /home/kekw/kekos/build/stage2/c/main.obj
 .bss           0x00002820        0x0 /home/kekw/kekos/build/stage2/c/memory.obj
 .bss           0x00002820        0x8 /home/kekw/kekos/build/stage2/c/stdio.obj
                0x00002820                g_ScreenX
                0x00002824                g_ScreenY
 .bss           0x00002828        0x0 /home/kekw/kekos/build/stage2/c/string.obj
 .bss           0x00002828        0x0 /home/kekw/kekos/build/stage2/c/vbe.obj
 .bss           0x00002828        0x0 /home/kekw/.toolchains/i686-elf/lib/gcc/i686-elf/13.2.0/libgcc.a(_udivdi3.o)
 .bss           0x00002828        0x0 /home/kekw/.toolchains/i686-elf/lib/gcc/i686-elf/13.2.0/libgcc.a(_umoddi3.o)
                0x00002828                        __end = .
OUTPUT(/home/kekw/kekos/build/stage2.bin binary)

.comment        0x00000000       0xbe
 .comment       0x00000000       0x13 /home/kekw/kekos/build/stage2/c/ctype.obj
 .comment       0x00000013       0x13 /home/kekw/kekos/build/stage2/c/disk.obj
 .comment       0x00000026       0x13 /home/kekw/kekos/build/stage2/c/fat.obj
 .comment       0x00000039       0x13 /home/kekw/kekos/build/stage2/c/main.obj
 .comment       0x0000004c       0x13 /home/kekw/kekos/build/stage2/c/memory.obj
 .comment       0x0000005f       0x13 /home/kekw/kekos/build/stage2/c/stdio.obj
 .comment       0x00000072       0x13 /home/kekw/kekos/build/stage2/c/string.obj
 .comment       0x00000085       0x13 /home/kekw/kekos/build/stage2/c/vbe.obj
 .comment       0x00000098       0x13 /home/kekw/.toolchains/i686-elf/lib/gcc/i686-elf/13.2.0/libgcc.a(_udivdi3.o)
 .comment       0x000000ab       0x13 /home/kekw/.toolchains/i686-elf/lib/gcc/i686-elf/13.2.0/libgcc.a(_umoddi3.o)

.debug_info     0x00000000      0x66f
 .debug_info    0x00000000      0x32c /home/kekw/.toolchains/i686-elf/lib/gcc/i686-elf/13.2.0/libgcc.a(_udivdi3.o)
 .debug_info    0x0000032c      0x343 /home/kekw/.toolchains/i686-elf/lib/gcc/i686-elf/13.2.0/libgcc.a(_umoddi3.o)

.debug_abbrev   0x00000000      0x2cc
 .debug_abbrev  0x00000000      0x15b /home/kekw/.toolchains/i686-elf/lib/gcc/i686-elf/13.2.0/libgcc.a(_udivdi3.o)
 .debug_abbrev  0x0000015b      0x171 /home/kekw/.toolchains/i686-elf/lib/gcc/i686-elf/13.2.0/libgcc.a(_umoddi3.o)

.debug_loclists
                0x00000000      0x978
 .debug_loclists
                0x00000000      0x50c /home/kekw/.toolchains/i686-elf/lib/gcc/i686-elf/13.2.0/libgcc.a(_udivdi3.o)
 .debug_loclists
                0x0000050c      0x46c /home/kekw/.toolchains/i686-elf/lib/gcc/i686-elf/13.2.0/libgcc.a(_umoddi3.o)

.debug_aranges  0x00000000       0x40
 .debug_aranges
                0x00000000       0x20 /home/kekw/.toolchains/i686-elf/lib/gcc/i686-elf/13.2.0/libgcc.a(_udivdi3.o)
 .debug_aranges
                0x00000020       0x20 /home/kekw/.toolchains/i686-elf/lib/gcc/i686-elf/13.2.0/libgcc.a(_umoddi3.o)

.debug_rnglists
                0x00000000       0x49
 .debug_rnglists
                0x00000000       0x2a /home/kekw/.toolchains/i686-elf/lib/gcc/i686-elf/13.2.0/libgcc.a(_udivdi3.o)
 .debug_rnglists
                0x0000002a       0x1f /home/kekw/.toolchains/i686-elf/lib/gcc/i686-elf/13.2.0/libgcc.a(_umoddi3.o)

.debug_line     0x00000000      0x351
 .debug_line    0x00000000      0x180 /home/kekw/.toolchains/i686-elf/lib/gcc/i686-elf/13.2.0/libgcc.a(_udivdi3.o)
 .debug_line    0x00000180      0x1d1 /home/kekw/.toolchains/i686-elf/lib/gcc/i686-elf/13.2.0/libgcc.a(_umoddi3.o)

.debug_str      0x00000000      0x3c6
 .debug_str     0x00000000      0x1e3 /home/kekw/.toolchains/i686-elf/lib/gcc/i686-elf/13.2.0/libgcc.a(_udivdi3.o)
 .debug_str     0x000001e3      0x1e3 /home/kekw/.toolchains/i686-elf/lib/gcc/i686-elf/13.2.0/libgcc.a(_umoddi3.o)

.debug_line_str
                0x00000000      0x180
 .debug_line_str
                0x00000000       0xc0 /home/kekw/.toolchains/i686-elf/lib/gcc/i686-elf/13.2.0/libgcc.a(_udivdi3.o)
 .debug_line_str
                0x000000c0       0xc0 /home/kekw/.toolchains/i686-elf/lib/gcc/i686-elf/13.2.0/libgcc.a(_umoddi3.o)
